// Jest Snapshot v1, https://goo.gl/fbAQLP

exports[`<Header /> Should match snapshot 1`] = `
<div>
  <header
    class="sc-bdfBwQ QtUwF"
  />
</div>
`;
